// Jest Snapshot v1, https://goo.gl/fbAQLP

exports[`renders team details according to id param 1`] = `
<div>
  <h1>
    Ben E. Jetts
  </h1>
  <a
    class="link"
    href="/teams/1"
  >
    <h3>
      Bridge City Sneakers
    </h3>
  </a>
  <h3>
    Portland
    , 
    OR
  </h3>
  <h3>
    Pitcher
  </h3>
  <a
    class="link"
    href="/players"
  >
    <p>
      Player Directory
    </p>
  </a>
</div>
`;
