// Jest Snapshot v1, https://goo.gl/fbAQLP

exports[`renders form to add team and redirects to team details 1`] = `undefined`;
